###############################################################
#                                                             #
#   vibAnalysis - version 1.2.2                               #
#   A set of tools to analyse vibrational modes in terms of   #
#   localized internal coordinates.                           #
#                                                             #
#   (c) Filipe Teixeira, 2017-2019                            #
#   filipe _dot_ teixeira _at_ fc _dot_ up _dot_ pt           #
#                                                             #
###############################################################

Opening using PDielec library : OUTCAR.born


Mass-weighting the atomic displacements...


Generating Internal Coordinates...
Internal Coordinates Generated: 36

This is the list of Internal Coordinates generated for
this run. Please use these indexes if you whish to animate
any one of these coordinates. If you added some user-defined
coordinates, please be sure to re-run this program with the
same added coordinates.


List of Internal Coordinates and their values
    1 BOND Na1 O2                  2.337
    2 BOND Na1 O3                  2.301
    3 BOND Na1 O4                  2.438
    4 BOND Na1 O5                  2.501
    5 BOND Na1 Na6                 3.574
    6 BOND Na1 O7                  2.347
    7 BOND Na1 O8                  2.347
    8 BOND O2 Na6                  2.347
    9 BOND O2 S9                   1.451
   10 BOND O3 S10                  1.454
   11 BOND Na6 O7                  2.337
   12 BOND S9 O11                  1.652
   13 BOND S10 O12                 1.652
   14 ANGLE O2 Na1 O3            105.221
   15 ANGLE O2 Na1 O4             76.689
   16 ANGLE O2 Na1 O5             86.677
   17 ANGLE O2 Na1 Na6            40.382
   18 ANGLE O2 Na1 O7             80.552
   19 ANGLE O2 Na1 O8            150.425
   20 ANGLE Na1 O2 Na6            99.448
   21 ANGLE Na1 O2 S9            126.447
   22 ANGLE Na1 O3 S10           134.770
   23 ANGLE Na1 Na6 O2            40.169
   24 ANGLE Na1 Na6 O7            40.382
   25 ANGLE Na1 O7 Na6            99.448
   26 ANGLE O2 S9 O11            106.262
   27 ANGLE O3 S10 O12           107.101
   28 OUT O2 Na1 Na6 O7          180.000
   29 OUT Na1 O2 Na6 S9          181.215
   30 TORSION O3 Na1 O2 Na6      207.269
   31 TORSION O3 Na1 O2 S9        28.353
   32 TORSION O2 Na1 O3 S10      245.119
   33 TORSION O2 Na1 Na6 O7      180.000
   34 TORSION O2 Na1 O7 Na6        0.000
   35 TORSION Na1 O2 S9 O11      260.634
   36 TORSION Na1 O3 S10 O12     356.023


Starting: Vibrational Mode Automatic Relevance Determination

Ending: Vibrational Mode Automatic Relevance Determination


*** Vibrational Mode Automatic Relevance Determination (VMARD) ***

Mode   0:    -0.00 cm-1 (IR:   0.0)
  +0.3278 ( 33.9%) TORSION O3 Na1 O2 Na6
  -0.2577 ( 26.6%) OUT Na1 O2 Na6 S9
  +0.2276 ( 23.5%) ANGLE Na1 O3 S10
 Shown Composition:    0.0% BOND,  28.0% ANGLE,  31.7% OUT,  40.3% TOR
 Total Composition:    8.0% BOND,  23.9% ANGLE,  26.7% OUT,  41.3% TOR
 R**2 = 0.4172
 Explained Variance =  40.0 %

Mode   1:    -0.00 cm-1 (IR:   0.0)
  +0.3601 ( 20.6%) OUT Na1 O2 Na6 S9
  -0.3180 ( 18.2%) TORSION O3 Na1 O2 Na6
  +0.2847 ( 16.3%) TORSION O2 Na1 O3 S10
  -0.1752 ( 10.0%) BOND S9 O11
 Shown Composition:   15.4% BOND,   0.0% ANGLE,  31.6% OUT,  53.0% TOR
 Total Composition:   23.3% BOND,   6.3% ANGLE,  20.8% OUT,  49.6% TOR
 R**2 = 0.6258
 Explained Variance =  60.4 %

Mode   2:     0.00 cm-1 (IR:   0.0)
  +0.1311 ( 62.1%) TORSION O2 Na1 O3 S10
  -0.0639 ( 30.2%) TORSION Na1 O2 S9 O11
 Shown Composition:    0.0% BOND,   0.0% ANGLE,   0.0% OUT, 100.0% TOR
 Total Composition:    2.1% BOND,   3.9% ANGLE,   0.6% OUT,  93.4% TOR
 R**2 = 0.1040
 Explained Variance =   7.7 %

Mode   3:    92.37 cm-1 (IR: 1934.2)
  +0.8818 ( 21.9%) ANGLE Na1 O3 S10
  +0.7384 ( 18.3%) ANGLE O3 S10 O12
  +0.5483 ( 13.6%) ANGLE O2 Na1 O8
 Shown Composition:    0.0% BOND, 100.0% ANGLE,   0.0% OUT,   0.0% TOR
 Total Composition:   26.1% BOND,  61.2% ANGLE,   3.5% OUT,   9.1% TOR
 R**2 = 0.7504
 Explained Variance =  73.4 %

Mode   4:   109.19 cm-1 (IR:   0.0)
  -0.6068 ( 39.0%) ANGLE O2 Na1 O3
  -0.3681 ( 23.6%) BOND O2 Na6
  -0.2012 ( 12.9%) ANGLE O2 Na1 O4
  -0.1812 ( 11.6%) BOND Na1 O2
 Shown Composition:   40.5% BOND,  59.5% ANGLE,   0.0% OUT,   0.0% TOR
 Total Composition:   36.3% BOND,  56.9% ANGLE,   0.1% OUT,   6.7% TOR
 R**2 = 0.4869
 Explained Variance =  47.0 %

Mode   5:   111.99 cm-1 (IR:   0.0)
  +0.3284 ( 43.4%) ANGLE Na1 O2 S9
  +0.2444 ( 32.3%) ANGLE O2 Na1 O3
  +0.0946 ( 12.5%) TORSION Na1 O3 S10 O12
 Shown Composition:    0.0% BOND,  85.8% ANGLE,   0.0% OUT,  14.2% TOR
 Total Composition:    1.2% BOND,  84.8% ANGLE,   0.4% OUT,  13.6% TOR
 R**2 = 0.2378
 Explained Variance =  19.9 %

Mode   6:   116.30 cm-1 (IR:   0.0)
  -0.6551 ( 32.5%) ANGLE Na1 O2 Na6
  +0.4158 ( 20.6%) BOND O2 S9
  -0.3753 ( 18.6%) ANGLE Na1 O7 Na6
  -0.2205 ( 10.9%) BOND Na1 O3
 Shown Composition:   38.2% BOND,  61.8% ANGLE,   0.0% OUT,   0.0% TOR
 Total Composition:   33.6% BOND,  59.6% ANGLE,   0.1% OUT,   6.7% TOR
 R**2 = 0.5769
 Explained Variance =  56.2 %

Mode   7:   117.53 cm-1 (IR: 4764.9)
  +0.4587 ( 32.3%) ANGLE O2 Na1 O5
  +0.2288 ( 16.1%) OUT O2 Na1 Na6 O7
  +0.1977 ( 13.9%) BOND Na1 O2
  +0.1811 ( 12.8%) TORSION O2 Na1 O7 Na6
 Shown Composition:   18.5% BOND,  43.0% ANGLE,  21.5% OUT,  17.0% TOR
 Total Composition:   14.3% BOND,  48.8% ANGLE,  16.1% OUT,  20.8% TOR
 R**2 = 0.5137
 Explained Variance =  49.5 %

Mode   8:   146.16 cm-1 (IR: 14402.7)
  +0.6183 ( 14.1%) TORSION O2 Na1 Na6 O7
  -0.5620 ( 12.8%) TORSION O2 Na1 O7 Na6
  -0.4869 ( 11.1%) OUT O2 Na1 Na6 O7
 Shown Composition:    0.0% BOND,   0.0% ANGLE,  29.2% OUT,  70.8% TOR
 Total Composition:   15.1% BOND,  36.1% ANGLE,  16.3% OUT,  32.6% TOR
 R**2 = 0.8674
 Explained Variance =  85.9 %

Mode   9:   148.40 cm-1 (IR:   0.0)
  +0.6142 ( 19.0%) TORSION O2 Na1 O7 Na6
  +0.3650 ( 11.3%) ANGLE O2 Na1 O8
 Shown Composition:    0.0% BOND,  37.3% ANGLE,   0.0% OUT,  62.7% TOR
 Total Composition:   34.7% BOND,  36.9% ANGLE,   1.1% OUT,  27.2% TOR
 R**2 = 0.8867
 Explained Variance =  88.2 %

Mode  10:   185.10 cm-1 (IR:   0.0)
  -0.5123 ( 13.1%) ANGLE Na1 O3 S10
  -0.4904 ( 12.5%) ANGLE O3 S10 O12
  -0.4424 ( 11.3%) ANGLE O2 Na1 O5
 Shown Composition:    0.0% BOND, 100.0% ANGLE,   0.0% OUT,   0.0% TOR
 Total Composition:   27.5% BOND,  45.9% ANGLE,   5.1% OUT,  21.5% TOR
 R**2 = 0.7562
 Explained Variance =  71.6 %

Mode  11:   189.06 cm-1 (IR: 1185.4)
  -0.3536 ( 32.5%) TORSION Na1 O3 S10 O12
  +0.2683 ( 24.7%) TORSION Na1 O2 S9 O11
  +0.2131 ( 19.6%) TORSION O2 Na1 Na6 O7
  -0.1563 ( 14.4%) BOND Na1 O4
 Shown Composition:   15.8% BOND,   0.0% ANGLE,   0.0% OUT,  84.2% TOR
 Total Composition:   19.1% BOND,   3.8% ANGLE,   0.1% OUT,  77.1% TOR
 R**2 = 0.3871
 Explained Variance =  36.6 %

Mode  12:   215.30 cm-1 (IR:   0.0)
  -0.7550 ( 19.9%) OUT O2 Na1 Na6 O7
  +0.6581 ( 17.4%) TORSION O2 Na1 Na6 O7
  +0.5568 ( 14.7%) BOND Na1 Na6
  +0.5445 ( 14.4%) TORSION O3 Na1 O2 S9
 Shown Composition:   22.1% BOND,   0.0% ANGLE,  30.0% OUT,  47.8% TOR
 Total Composition:   31.7% BOND,  10.8% ANGLE,  20.0% OUT,  37.5% TOR
 R**2 = 0.8897
 Explained Variance =  88.6 %

Mode  13:   225.10 cm-1 (IR: 13609.7)
  +0.7147 ( 18.8%) TORSION O2 Na1 Na6 O7
  -0.5108 ( 13.5%) TORSION O2 Na1 O7 Na6
  -0.4297 ( 11.3%) OUT O2 Na1 Na6 O7
 Shown Composition:    0.0% BOND,   0.0% ANGLE,  26.0% OUT,  74.0% TOR
 Total Composition:   24.9% BOND,  28.5% ANGLE,  14.2% OUT,  32.4% TOR
 R**2 = 0.8672
 Explained Variance =  86.0 %

Mode  14:   251.36 cm-1 (IR:   0.0)
  -0.4571 ( 13.8%) BOND Na1 O2
  +0.4083 ( 12.4%) ANGLE O2 Na1 Na6
 Shown Composition:   52.8% BOND,  47.2% ANGLE,   0.0% OUT,   0.0% TOR
 Total Composition:   35.2% BOND,  41.2% ANGLE,   3.0% OUT,  20.5% TOR
 R**2 = 0.8632
 Explained Variance =  85.6 %

Mode  15:   254.91 cm-1 (IR: 14783.8)
  +0.4734 ( 16.3%) BOND Na1 O3
  -0.3665 ( 12.6%) ANGLE Na1 Na6 O2
  +0.3115 ( 10.7%) BOND Na6 O7
 Shown Composition:   68.2% BOND,  31.8% ANGLE,   0.0% OUT,   0.0% TOR
 Total Composition:   51.7% BOND,  45.6% ANGLE,   0.0% OUT,   2.7% TOR
 R**2 = 0.9276
 Explained Variance =  92.6 %

Mode  16:   267.55 cm-1 (IR:   0.0)
  -0.3553 ( 17.7%) BOND Na1 O3
  +0.3433 ( 17.1%) BOND Na1 Na6
  -0.3317 ( 16.5%) TORSION O3 Na1 O2 S9
  +0.2212 ( 11.0%) BOND O2 Na6
  -0.2065 ( 10.3%) TORSION O2 Na1 O7 Na6
 Shown Composition:   63.1% BOND,   0.0% ANGLE,   0.0% OUT,  36.9% TOR
 Total Composition:   51.2% BOND,  14.8% ANGLE,   5.0% OUT,  29.0% TOR
 R**2 = 0.7769
 Explained Variance =  77.0 %

Mode  17:   344.41 cm-1 (IR:   0.0)
  -0.8303 ( 21.6%) BOND Na1 O4
  -0.7837 ( 20.4%) ANGLE O2 Na1 O8
 Shown Composition:   51.4% BOND,  48.6% ANGLE,   0.0% OUT,   0.0% TOR
 Total Composition:   32.1% BOND,  40.0% ANGLE,  11.8% OUT,  16.1% TOR
 R**2 = 0.8104
 Explained Variance =  79.9 %

Mode  18:   383.91 cm-1 (IR: 546.5)
  -0.4334 ( 19.9%) ANGLE O2 S9 O11
  -0.3960 ( 18.2%) BOND Na1 O5
  -0.3365 ( 15.4%) OUT O2 Na1 Na6 O7
  -0.2510 ( 11.5%) TORSION O3 Na1 O2 S9
  -0.2284 ( 10.5%) ANGLE O2 Na1 O5
  -0.2231 ( 10.2%) ANGLE O3 S10 O12
 Shown Composition:   21.2% BOND,  47.4% ANGLE,  18.0% OUT,  13.4% TOR
 Total Composition:   21.7% BOND,  41.0% ANGLE,  15.4% OUT,  21.9% TOR
 R**2 = 0.6653
 Explained Variance =  65.2 %

Mode  19:   406.23 cm-1 (IR:   0.0)
  -0.3331 ( 18.5%) BOND Na1 O5
  -0.3143 ( 17.4%) ANGLE O2 S9 O11
  +0.2834 ( 15.7%) OUT O2 Na1 Na6 O7
  -0.2788 ( 15.5%) TORSION Na1 O2 S9 O11
  +0.2766 ( 15.3%) ANGLE O3 S10 O12
 Shown Composition:   22.4% BOND,  39.8% ANGLE,  19.1% OUT,  18.8% TOR
 Total Composition:   21.3% BOND,  41.2% ANGLE,  21.2% OUT,  16.3% TOR
 R**2 = 0.5604
 Explained Variance =  53.9 %

Mode  20:   450.79 cm-1 (IR: 859.5)
  -0.3599 ( 16.0%) TORSION Na1 O3 S10 O12
  +0.3465 ( 15.4%) BOND Na1 O4
  +0.3280 ( 14.6%) TORSION Na1 O2 S9 O11
  -0.3000 ( 13.4%) ANGLE O2 Na1 O5
  +0.2358 ( 10.5%) ANGLE O3 S10 O12
 Shown Composition:   22.1% BOND,  34.1% ANGLE,   0.0% OUT,  43.8% TOR
 Total Composition:   34.7% BOND,  29.7% ANGLE,   4.8% OUT,  30.8% TOR
 R**2 = 0.6129
 Explained Variance =  57.9 %

Mode  21:   528.38 cm-1 (IR: 26994.3)
  +0.4502 ( 28.8%) ANGLE O3 S10 O12
  +0.3935 ( 25.2%) OUT Na1 O2 Na6 S9
  +0.2179 ( 14.0%) ANGLE O2 S9 O11
 Shown Composition:    0.0% BOND,  62.9% ANGLE,  37.1% OUT,   0.0% TOR
 Total Composition:    9.1% BOND,  59.2% ANGLE,  25.2% OUT,   6.5% TOR
 R**2 = 0.5234
 Explained Variance =  50.4 %

Mode  22:   533.45 cm-1 (IR:   0.0)
  +0.7293 ( 22.2%) ANGLE O2 Na1 O3
  -0.5717 ( 17.4%) ANGLE O2 Na1 O5
  -0.4486 ( 13.6%) BOND Na1 O7
  +0.3328 ( 10.1%) TORSION O2 Na1 O3 S10
 Shown Composition:   21.5% BOND,  62.5% ANGLE,   0.0% OUT,  16.0% TOR
 Total Composition:   26.7% BOND,  60.2% ANGLE,   0.0% OUT,  13.0% TOR
 R**2 = 0.7604
 Explained Variance =  74.9 %

Mode  23:   534.71 cm-1 (IR: 18792.8)
  -0.3907 ( 38.2%) ANGLE O2 S9 O11
  +0.2309 ( 22.6%) TORSION O2 Na1 O3 S10
  -0.2277 ( 22.3%) TORSION O2 Na1 Na6 O7
 Shown Composition:    0.0% BOND,  46.0% ANGLE,   0.0% OUT,  54.0% TOR
 Total Composition:   11.3% BOND,  42.9% ANGLE,   0.4% OUT,  45.3% TOR
 R**2 = 0.3942
 Explained Variance =  37.7 %

Mode  24:   551.56 cm-1 (IR:   0.0)
  -0.5572 ( 24.6%) ANGLE Na1 O2 S9
  +0.4657 ( 20.6%) ANGLE O2 Na1 O7
  -0.3172 ( 14.0%) BOND Na1 O3
 Shown Composition:   23.7% BOND,  76.3% ANGLE,   0.0% OUT,   0.0% TOR
 Total Composition:   23.8% BOND,  71.0% ANGLE,   4.8% OUT,   0.4% TOR
 R**2 = 0.6168
 Explained Variance =  59.2 %

Mode  25:   568.45 cm-1 (IR: 8658.9)
  -0.4874 ( 24.1%) ANGLE Na1 O2 S9
  -0.2670 ( 13.2%) TORSION O2 Na1 O3 S10
  +0.2335 ( 11.5%) BOND Na1 O3
 Shown Composition:   23.6% BOND,  49.3% ANGLE,   0.0% OUT,  27.0% TOR
 Total Composition:   47.4% BOND,  30.7% ANGLE,   0.0% OUT,  21.9% TOR
 R**2 = 0.6282
 Explained Variance =  59.9 %

Mode  26:   615.43 cm-1 (IR:   0.0)
  +0.6172 ( 14.6%) ANGLE Na1 O3 S10
  +0.4440 ( 10.5%) TORSION O3 Na1 O2 S9
 Shown Composition:    0.0% BOND,  58.2% ANGLE,   0.0% OUT,  41.8% TOR
 Total Composition:   27.1% BOND,  39.9% ANGLE,   8.3% OUT,  24.7% TOR
 R**2 = 0.9085
 Explained Variance =  90.5 %

Mode  27:   668.31 cm-1 (IR: 85790.0)
  -0.6323 ( 22.1%) BOND S10 O12
  +0.5931 ( 20.7%) BOND S9 O11
 Shown Composition:  100.0% BOND,   0.0% ANGLE,   0.0% OUT,   0.0% TOR
 Total Composition:   56.2% BOND,  21.9% ANGLE,   0.1% OUT,  21.8% TOR
 R**2 = 0.9823
 Explained Variance =  98.2 %

Mode  28:   732.57 cm-1 (IR:   0.0)
  -0.4520 ( 20.4%) TORSION Na1 O3 S10 O12
  -0.3841 ( 17.4%) BOND S10 O12
  -0.3465 ( 15.7%) TORSION Na1 O2 S9 O11
  -0.3245 ( 14.7%) BOND S9 O11
 Shown Composition:   47.0% BOND,   0.0% ANGLE,   0.0% OUT,  53.0% TOR
 Total Composition:   43.1% BOND,  20.5% ANGLE,   0.1% OUT,  36.3% TOR
 R**2 = 0.7169
 Explained Variance =  70.7 %

Mode  29:   822.66 cm-1 (IR:   0.0)
  +0.6523 ( 16.5%) BOND S9 O11
  +0.6086 ( 15.4%) BOND S10 O12
 Shown Composition:  100.0% BOND,   0.0% ANGLE,   0.0% OUT,   0.0% TOR
 Total Composition:   53.8% BOND,  26.8% ANGLE,   0.0% OUT,  19.4% TOR
 R**2 = 0.9417
 Explained Variance =  94.0 %

Mode  30:  1008.94 cm-1 (IR: 33599.1)
  +0.4615 ( 16.6%) BOND Na1 O3
  -0.3795 ( 13.6%) BOND Na1 O8
  -0.3627 ( 13.0%) ANGLE O2 Na1 O4
  +0.3300 ( 11.8%) ANGLE Na1 Na6 O7
  -0.3197 ( 11.5%) ANGLE Na1 Na6 O2
 Shown Composition:   45.4% BOND,  54.6% ANGLE,   0.0% OUT,   0.0% TOR
 Total Composition:   32.9% BOND,  56.2% ANGLE,   0.2% OUT,  10.7% TOR
 R**2 = 0.7186
 Explained Variance =  70.1 %

Mode  31:  1038.82 cm-1 (IR:   0.0)
  -0.5865 ( 13.5%) ANGLE O2 Na1 O4
 Shown Composition:    0.0% BOND, 100.0% ANGLE,   0.0% OUT,   0.0% TOR
 Total Composition:   42.8% BOND,  46.0% ANGLE,   8.4% OUT,   2.8% TOR
 R**2 = 0.8823
 Explained Variance =  87.4 %

Mode  32:  1199.31 cm-1 (IR: 114456.4)
  -0.5895 ( 23.7%) BOND O3 S10
  +0.4496 ( 18.1%) ANGLE Na1 O2 S9
  -0.4093 ( 16.5%) BOND O2 S9
 Shown Composition:   69.0% BOND,  31.0% ANGLE,   0.0% OUT,   0.0% TOR
 Total Composition:   52.0% BOND,  47.7% ANGLE,   0.1% OUT,   0.2% TOR
 R**2 = 0.7934
 Explained Variance =  78.7 %

Mode  33:  1209.02 cm-1 (IR:   0.0)
  +0.5505 ( 20.5%) BOND O2 S9
  -0.3764 ( 14.0%) BOND O3 S10
  -0.2896 ( 10.8%) TORSION O2 Na1 O3 S10
 Shown Composition:   76.2% BOND,   0.0% ANGLE,   0.0% OUT,  23.8% TOR
 Total Composition:   53.4% BOND,  18.1% ANGLE,   8.8% OUT,  19.7% TOR
 R**2 = 0.8548
 Explained Variance =  85.0 %

Mode  34:  1216.80 cm-1 (IR: 100298.5)
  -0.8121 ( 23.1%) BOND O2 S9
  -0.5667 ( 16.2%) BOND Na1 O2
  -0.5486 ( 15.6%) TORSION O2 Na1 O3 S10
  -0.3687 ( 10.5%) ANGLE O2 Na1 O4
 Shown Composition:   60.0% BOND,  16.1% ANGLE,   0.0% OUT,  23.9% TOR
 Total Composition:   56.9% BOND,  27.3% ANGLE,   0.0% OUT,  15.7% TOR
 R**2 = 0.8585
 Explained Variance =  85.5 %

Mode  35:  1237.81 cm-1 (IR:   0.0)
  -0.5523 ( 15.4%) ANGLE Na1 O2 S9
  -0.4734 ( 13.2%) BOND O3 S10
  +0.4156 ( 11.6%) ANGLE O2 Na1 O4
  +0.4066 ( 11.3%) TORSION O2 Na1 O3 S10
  -0.3877 ( 10.8%) BOND Na1 O8
  -0.3705 ( 10.3%) ANGLE O2 Na1 O8
 Shown Composition:   33.0% BOND,  51.4% ANGLE,   0.0% OUT,  15.6% TOR
 Total Composition:   39.7% BOND,  46.6% ANGLE,   0.0% OUT,  13.7% TOR
 R**2 = 0.8139
 Explained Variance =  80.5 %

*** End of Vibrational Mode Automatic Relevance Determination (VMARD) ***
